Runtime Services (RTS) is running at 192.168.0.129:60254
Agent mind inspector is running at http://192.168.0.129:3275
Sept 18, 2026 8:03:44 AM harness.ObservationEnvironment init
INFO: Observation environment started
Sept 18, 2026 8:03:44 AM harness.ScenarioEnvironment init
INFO: initial_beliefs=[workflow_active]
Sept 18, 2026 8:03:44 AM jason.stdlib.println execute
INFO: Master goal started.
Sept 18, 2026 8:03:44 AM jason.stdlib.println execute
INFO: Pursuing achievement: production = success
Sept 18, 2026 8:03:44 AM jason.stdlib.println execute
INFO: Running entity: build.
Sept 18, 2026 8:03:44 AM harness.ObservationEnvironment executeAction
INFO: action agent=bdi_agent run_job entity=build
Sept 18, 2026 8:03:45 AM harness.ObservationEnvironment publishObservations
INFO: observation={"entity":"build","property":"execution_status","value":"success","timestamp":"2026-09-17T22:03:44.173895500Z"} belief=status(build,success)
Sept 18, 2026 8:03:45 AM harness.ObservationEnvironment publishObservations
INFO: observation={"entity":"build","property":"duration","value":42,"timestamp":"2026-09-17T22:03:44.173895500Z"} belief=duration(build,42)
Sept 18, 2026 8:03:45 AM jason.stdlib.println execute
INFO: build completed successfully.
Sept 18, 2026 8:03:45 AM jason.stdlib.println execute
INFO: Running entity: test.
Sept 18, 2026 8:03:45 AM harness.ObservationEnvironment executeAction
INFO: action agent=bdi_agent run_job entity=test
Sept 18, 2026 8:03:46 AM harness.ObservationEnvironment publishObservations
INFO: observation={"entity":"test","property":"execution_status","value":"success","timestamp":"2026-09-17T22:03:45.404021300Z"} belief=status(test,success)
Sept 18, 2026 8:03:46 AM harness.ObservationEnvironment publishObservations
INFO: observation={"entity":"test","property":"duration","value":42,"timestamp":"2026-09-17T22:03:45.404021300Z"} belief=duration(test,42)
Sept 18, 2026 8:03:46 AM jason.stdlib.println execute
INFO: test completed successfully.
Sept 18, 2026 8:03:46 AM jason.stdlib.println execute
INFO: Running entity: security.
Sept 18, 2026 8:03:46 AM harness.ObservationEnvironment executeAction
INFO: action agent=bdi_agent run_job entity=security
Sept 18, 2026 8:03:47 AM harness.ObservationEnvironment publishObservations
INFO: observation={"entity":"security","property":"execution_status","value":"success","timestamp":"2026-09-17T22:03:46.165043200Z"} belief=status(security,success)
Sept 18, 2026 8:03:47 AM harness.ObservationEnvironment publishObservations
INFO: observation={"entity":"security","property":"duration","value":42,"timestamp":"2026-09-17T22:03:46.165043200Z"} belief=duration(security,42)
Sept 18, 2026 8:03:47 AM jason.stdlib.println execute
INFO: security completed successfully.
Sept 18, 2026 8:03:47 AM jason.stdlib.println execute
INFO: Running entity: staging.
Sept 18, 2026 8:03:47 AM harness.ObservationEnvironment executeAction
INFO: action agent=bdi_agent run_job entity=staging
Sept 18, 2026 8:03:48 AM harness.ObservationEnvironment publishObservations
INFO: observation={"entity":"staging","property":"execution_status","value":"success","timestamp":"2026-09-17T22:03:47.409403400Z"} belief=status(staging,success)
Sept 18, 2026 8:03:48 AM harness.ObservationEnvironment publishObservations
INFO: observation={"entity":"staging","property":"duration","value":42,"timestamp":"2026-09-17T22:03:47.409403400Z"} belief=duration(staging,42)
Sept 18, 2026 8:03:48 AM jason.stdlib.println execute
INFO: staging completed successfully.
Sept 18, 2026 8:03:48 AM jason.stdlib.println execute
INFO: Running entity: production.
Sept 18, 2026 8:03:48 AM harness.ObservationEnvironment executeAction
INFO: action agent=bdi_agent run_job entity=production
Sept 18, 2026 8:03:49 AM harness.ObservationEnvironment publishObservations
INFO: observation={"entity":"production","property":"execution_status","value":"success","timestamp":"2026-09-17T22:03:48.180993200Z"} belief=status(production,success)
Sept 18, 2026 8:03:49 AM harness.ObservationEnvironment publishObservations
INFO: observation={"entity":"production","property":"duration","value":42,"timestamp":"2026-09-17T22:03:48.180993200Z"} belief=duration(production,42)
Sept 18, 2026 8:03:49 AM jason.stdlib.println execute
INFO: production completed successfully.
Sept 18, 2026 8:03:49 AM jason.stdlib.println execute
INFO: Maintenance satisfied: production duration 42 <= 100000.
Sept 18, 2026 8:03:49 AM jason.stdlib.println execute
INFO: Pipeline reached final success.
Sept 18, 2026 8:03:49 AM jason.stdlib.println execute
INFO: Master goal achieved.
Sept 18, 2026 8:03:49 AM harness.ScenarioEnvironment stop
INFO: scenario=scenario1 run_job_calls=[build, test, security, staging, production]
Sept 18, 2026 8:03:49 AM harness.ScenarioEnvironment stop
INFO: final_beliefs={security|execution_status=status(security,success), security|duration=duration(security,42), test|execution_status=status(test,success), staging|duration=duration(staging,42), staging|execution_status=status(staging,success), production|execution_status=status(production,success), test|duration=duration(test,42), build|duration=duration(build,42), production|duration=duration(production,42), build|execution_status=status(build,success)}
Sept 18, 2026 8:03:49 AM harness.ObservationEnvironment stop
INFO: Observation environment stopped at 2026-09-17T22:03:49.841480500Z
