Runtime Services (RTS) is running at 192.168.0.129:52503
Agent mind inspector is running at http://192.168.0.129:3275
Sept 18, 2026 8:55:13 AM harness.ObservationEnvironment init
INFO: Observation environment started
Sept 18, 2026 8:55:13 AM harness.ScenarioEnvironment init
INFO: initial_beliefs=[workflow_active]
Sept 18, 2026 8:55:13 AM jason.stdlib.println execute
INFO: Master goal started.
Sept 18, 2026 8:55:13 AM jason.stdlib.println execute
INFO: Pursuing achievement: production = success
Sept 18, 2026 8:55:13 AM jason.stdlib.println execute
INFO: Running entity: build.
Sept 18, 2026 8:55:13 AM harness.ObservationEnvironment executeAction
INFO: action agent=bdi_agent run_job entity=build
Sept 18, 2026 8:55:14 AM harness.ObservationEnvironment publishObservations
INFO: observation={"entity":"build","property":"execution_status","value":"success","timestamp":"2026-09-17T22:55:13.723003900Z"} belief=status(build,success)
Sept 18, 2026 8:55:14 AM harness.ObservationEnvironment publishObservations
INFO: observation={"entity":"build","property":"duration","value":42,"timestamp":"2026-09-17T22:55:13.723003900Z"} belief=duration(build,42)
Sept 18, 2026 8:55:14 AM jason.stdlib.println execute
INFO: build completed successfully.
Sept 18, 2026 8:55:14 AM jason.stdlib.println execute
INFO: Running entity: test.
Sept 18, 2026 8:55:14 AM harness.ObservationEnvironment executeAction
INFO: action agent=bdi_agent run_job entity=test
Sept 18, 2026 8:55:15 AM harness.ObservationEnvironment publishObservations
INFO: observation={"entity":"test","property":"execution_status","value":"failure","timestamp":"2026-09-17T22:55:14.935401200Z"} belief=status(test,fail)
Sept 18, 2026 8:55:15 AM harness.ObservationEnvironment publishObservations
INFO: observation={"entity":"test","property":"duration","value":41,"timestamp":"2026-09-17T22:55:14.935401200Z"} belief=duration(test,41)
Sept 18, 2026 8:55:15 AM jason.stdlib.println execute
INFO: Failure observation accepted: test attempt 2.
Sept 18, 2026 8:55:15 AM jason.stdlib.println execute
INFO: test failed; retrying within configured retry budget.
Sept 18, 2026 8:55:15 AM jason.stdlib.println execute
INFO: Running entity: test.
Sept 18, 2026 8:55:15 AM harness.ObservationEnvironment executeAction
INFO: action agent=bdi_agent run_job entity=test
Sept 18, 2026 8:55:16 AM harness.ObservationEnvironment publishObservations
INFO: observation={"entity":"test","property":"execution_status","value":"failure","timestamp":"2026-09-17T22:55:15.697201200Z"} belief=status(test,fail)
Sept 18, 2026 8:55:16 AM harness.ObservationEnvironment publishObservations
INFO: observation={"entity":"test","property":"duration","value":42,"timestamp":"2026-09-17T22:55:15.697201200Z"} belief=duration(test,42)
Sept 18, 2026 8:55:16 AM jason.stdlib.println execute
INFO: Failure observation accepted: test attempt 3.
Sept 18, 2026 8:55:16 AM jason.stdlib.println execute
INFO: test failed; workflow stopped.
Sept 18, 2026 8:55:16 AM jason.stdlib.println execute
INFO: Master goal not achieved.
Sept 18, 2026 8:55:17 AM harness.ScenarioEnvironment stop
INFO: scenario=scenario3 run_job_calls=[build, test, test]
Sept 18, 2026 8:55:17 AM harness.ScenarioEnvironment stop
INFO: final_beliefs={build|execution_status=status(build,success), test|duration=duration(test,42), test|execution_status=status(test,fail), build|duration=duration(build,42)}
Sept 18, 2026 8:55:17 AM harness.ObservationEnvironment stop
INFO: Observation environment stopped at 2026-09-17T22:55:17.272098900Z
