Runtime Services (RTS) is running at 192.168.0.129:60266
Agent mind inspector is running at http://192.168.0.129:3275
Sept 18, 2026 8:04:12 AM harness.ObservationEnvironment init
INFO: Observation environment started
Sept 18, 2026 8:04:12 AM harness.ScenarioEnvironment init
INFO: initial_beliefs=[workflow_active]
Sept 18, 2026 8:04:12 AM jason.stdlib.println execute
INFO: Master goal started.
Sept 18, 2026 8:04:12 AM jason.stdlib.println execute
INFO: Pursuing achievement: production = success
Sept 18, 2026 8:04:12 AM jason.stdlib.println execute
INFO: Running entity: build.
Sept 18, 2026 8:04:12 AM harness.ObservationEnvironment executeAction
INFO: action agent=bdi_agent run_job entity=build
Sept 18, 2026 8:04:13 AM harness.ObservationEnvironment publishObservations
INFO: observation={"entity":"build","property":"execution_status","value":"success","timestamp":"2026-09-17T22:04:12.215918100Z"} belief=status(build,success)
Sept 18, 2026 8:04:13 AM harness.ObservationEnvironment publishObservations
INFO: observation={"entity":"build","property":"duration","value":42,"timestamp":"2026-09-17T22:04:12.215918100Z"} belief=duration(build,42)
Sept 18, 2026 8:04:13 AM jason.stdlib.println execute
INFO: build completed successfully.
Sept 18, 2026 8:04:13 AM jason.stdlib.println execute
INFO: Running entity: test.
Sept 18, 2026 8:04:13 AM harness.ObservationEnvironment executeAction
INFO: action agent=bdi_agent run_job entity=test
Sept 18, 2026 8:04:14 AM harness.ObservationEnvironment publishObservations
INFO: observation={"entity":"test","property":"execution_status","value":"success","timestamp":"2026-09-17T22:04:13.431049600Z"} belief=status(test,success)
Sept 18, 2026 8:04:14 AM harness.ObservationEnvironment publishObservations
INFO: observation={"entity":"test","property":"duration","value":42,"timestamp":"2026-09-17T22:04:13.431049600Z"} belief=duration(test,42)
Sept 18, 2026 8:04:14 AM jason.stdlib.println execute
INFO: test completed successfully.
Sept 18, 2026 8:04:14 AM jason.stdlib.println execute
INFO: Running entity: security.
Sept 18, 2026 8:04:14 AM harness.ObservationEnvironment executeAction
INFO: action agent=bdi_agent run_job entity=security
Sept 18, 2026 8:04:15 AM harness.ObservationEnvironment publishObservations
INFO: observation={"entity":"security","property":"execution_status","value":"success","timestamp":"2026-09-17T22:04:14.208348500Z"} belief=status(security,success)
Sept 18, 2026 8:04:15 AM harness.ObservationEnvironment publishObservations
INFO: observation={"entity":"security","property":"duration","value":42,"timestamp":"2026-09-17T22:04:14.208348500Z"} belief=duration(security,42)
Sept 18, 2026 8:04:15 AM jason.stdlib.println execute
INFO: security completed successfully.
Sept 18, 2026 8:04:15 AM jason.stdlib.println execute
INFO: Running entity: staging.
Sept 18, 2026 8:04:15 AM harness.ObservationEnvironment executeAction
INFO: action agent=bdi_agent run_job entity=staging
Sept 18, 2026 8:04:16 AM harness.ObservationEnvironment publishObservations
INFO: observation={"entity":"staging","property":"execution_status","value":"success","timestamp":"2026-09-17T22:04:15.435662100Z"} belief=status(staging,success)
Sept 18, 2026 8:04:16 AM harness.ObservationEnvironment publishObservations
INFO: observation={"entity":"staging","property":"duration","value":42,"timestamp":"2026-09-17T22:04:15.435662100Z"} belief=duration(staging,42)
Sept 18, 2026 8:04:16 AM jason.stdlib.println execute
INFO: staging completed successfully.
Sept 18, 2026 8:04:16 AM jason.stdlib.println execute
INFO: Running entity: production.
Sept 18, 2026 8:04:16 AM harness.ObservationEnvironment executeAction
INFO: action agent=bdi_agent run_job entity=production
Sept 18, 2026 8:04:17 AM harness.ObservationEnvironment publishObservations
INFO: observation={"entity":"production","property":"execution_status","value":"failure","timestamp":"2026-09-17T22:04:16.204856300Z"} belief=status(production,fail)
Sept 18, 2026 8:04:17 AM harness.ObservationEnvironment publishObservations
INFO: observation={"entity":"production","property":"duration","value":42,"timestamp":"2026-09-17T22:04:16.204856300Z"} belief=duration(production,42)
Sept 18, 2026 8:04:17 AM jason.stdlib.println execute
INFO: Failure observation accepted: production attempt 5.
Sept 18, 2026 8:04:17 AM jason.stdlib.println execute
INFO: production failed; retrying within configured retry budget.
Sept 18, 2026 8:04:17 AM jason.stdlib.println execute
INFO: Running entity: production.
Sept 18, 2026 8:04:17 AM harness.ObservationEnvironment executeAction
INFO: action agent=bdi_agent run_job entity=production
Sept 18, 2026 8:04:18 AM harness.ObservationEnvironment publishObservations
INFO: observation={"entity":"production","property":"execution_status","value":"failure","timestamp":"2026-09-17T22:04:17.433554Z"} belief=status(production,fail)
Sept 18, 2026 8:04:18 AM harness.ObservationEnvironment publishObservations
INFO: observation={"entity":"production","property":"duration","value":42,"timestamp":"2026-09-17T22:04:17.433554Z"} belief=duration(production,42)
Sept 18, 2026 8:04:18 AM jason.stdlib.println execute
INFO: Failure observation accepted: production attempt 6.
Sept 18, 2026 8:04:18 AM jason.stdlib.println execute
INFO: production failed; recovery = rollback_production.
Sept 18, 2026 8:04:18 AM jason.stdlib.println execute
INFO: Running recovery entity: rollback_production for production.
Sept 18, 2026 8:04:18 AM harness.ObservationEnvironment executeAction
INFO: action agent=bdi_agent run_job entity=rollback_production
Sept 18, 2026 8:04:19 AM harness.ObservationEnvironment publishObservations
INFO: observation={"entity":"rollback_production","property":"execution_status","value":"success","timestamp":"2026-09-17T22:04:18.196262300Z"} belief=status(rollback_production,success)
Sept 18, 2026 8:04:19 AM harness.ObservationEnvironment publishObservations
INFO: observation={"entity":"rollback_production","property":"duration","value":42,"timestamp":"2026-09-17T22:04:18.196262300Z"} belief=duration(rollback_production,42)
Sept 18, 2026 8:04:19 AM jason.stdlib.println execute
INFO: Recovery completed successfully: rollback_production.
Sept 18, 2026 8:04:19 AM jason.stdlib.println execute
INFO: Master goal not achieved.
Sept 18, 2026 8:04:19 AM harness.ScenarioEnvironment stop
INFO: scenario=scenario5 run_job_calls=[build, test, security, staging, production, production, rollback_production]
Sept 18, 2026 8:04:19 AM harness.ScenarioEnvironment stop
INFO: final_beliefs={security|execution_status=status(security,success), production|duration=duration(production,42), rollback_production|execution_status=status(rollback_production,success), production|execution_status=status(production,fail), test|duration=duration(test,42), staging|execution_status=status(staging,success), rollback_production|duration=duration(rollback_production,42), build|execution_status=status(build,success), security|duration=duration(security,42), build|duration=duration(build,42), test|execution_status=status(test,success), staging|duration=duration(staging,42)}
Sept 18, 2026 8:04:19 AM harness.ObservationEnvironment stop
INFO: Observation environment stopped at 2026-09-17T22:04:19.915527300Z
